<html>
<body>
<pre>
<h1>礦ision Build Log</h1>
<h2>Tool Versions:</h2>
IDE-Version: μVision V5.38.0.0
Copyright (C) 2022 ARM Ltd and ARM Germany GmbH. All rights reserved.
License Information: cy 8618601609969, zksg, LIC=SDA0P-M0IQQ-KP9ZY-I9NBL-CYLSD-19VKC
 
Tool Versions:
Toolchain:       MDK-ARM Plus  Version: 5.38.0.0
Toolchain Path:  C:\Keil_v5\ARM\ARM_Compiler_5.06u7\Bin
C Compiler:      Armcc.exe V5.06 update 7 (build 960)
Assembler:       Armasm.exe V5.06 update 7 (build 960)
Linker/Locator:  ArmLink.exe V5.06 update 7 (build 960)
Library Manager: ArmAr.exe V5.06 update 7 (build 960)
Hex Converter:   FromElf.exe V5.06 update 7 (build 960)
CPU DLL:         SARMCM3.DLL V5.38.0.0
Dialog DLL:      DCM.DLL V1.17.5.0
Target DLL:      UL2CM3.DLL V1.164.8.0
Dialog DLL:      TCM.DLL V1.56.4.0
 
<h2>Project:</h2>
C:\cy_workdir\zksg\参与项目及方案\华为昇腾\开发\软件包\Mini ROS小车附送资料\1.Mini ROS小车附送资料_2022.07.13\6.STM32运动底盘源码\适配STM32控制板_D版_2022.05.17-现在\Mini小车_D版STM32源码_2023.04.21(默认GMR编码器)\USER\WHEELTEC.uvprojx
Project File Date:  08/29/2023

<h2>Output:</h2>
*** Using Compiler 'V5.06 update 7 (build 960)', folder: 'C:\Keil_v5\ARM\ARM_Compiler_5.06u7\Bin'
Rebuild target 'FreeRTOS'
compiling stm32f4xx_it.c...
compiling system_stm32f4xx.c...
compiling adc.c...
compiling main.c...
compiling key.c...
compiling encoder.c...
compiling can.c...
compiling LED.C...
compiling motor.c...
compiling delay.c...
compiling oled.c...
assembling startup_stm32f40_41xxx.s...
compiling timer.c...
compiling pstwo.c...
compiling usartx.c...
compiling sys.c...
compiling usart.c...
compiling stm32f4xx_syscfg.c...
compiling misc.c...
compiling stm32f4xx_gpio.c...
compiling stm32f4xx_usart.c...
compiling stm32f4xx_rcc.c...
compiling stm32f4xx_adc.c...
compiling stm32f4xx_can.c...
compiling stm32f4xx_pwr.c...
compiling croutine.c...
compiling list.c...
compiling stm32f4xx_tim.c...
compiling event_groups.c...
compiling queue.c...
compiling tasks.c...
compiling timers.c...
compiling port.c...
compiling heap_4.c...
compiling system.c...
compiling balance.c...
compiling robot_select_init.c...
compiling show.c...
compiling MPU6050.c...
compiling I2C.c...
linking...
Program Size: Code=42370 RO-data=6302 RW-data=556 ZI-data=24268  
FromELF: creating hex file...
"..\OBJ\WHEELTEC.axf" - 0 Error(s), 0 Warning(s).

<h2>Software Packages used:</h2>

Package Vendor: Keil
                https://www.keil.com/pack/Keil.STM32F4xx_DFP.2.17.0.pack
                Keil.STM32F4xx_DFP.2.17.0
                STMicroelectronics STM32F4 Series Device Support, Drivers and Examples

<h2>Collection of Component include folders:</h2>
  C:/Users/86186/AppData/Local/Arm/Packs/Keil/STM32F4xx_DFP/2.17.0/Drivers/CMSIS/Device/ST/STM32F4xx/Include

<h2>Collection of Component Files used:</h2>
Build Time Elapsed:  00:00:06
</pre>
</body>
</html>
